// Jest Snapshot v1, https://goo.gl/fbAQLP

exports[`ModelFilterItem should render properly 1`] = `
<div
  class="filter-item"
>
  <div
    class="label"
    data-testid="label"
  >
    Model:
  </div>
  <div
    class="MuiInputBase-root-21 MuiInput-root-8 MuiInput-underline-12 MuiInputBase-fullWidth-30 MuiInput-fullWidth-15"
    data-testid="select"
  >
    <div
      class="MuiSelect-root-1"
    >
      <div
        class="MuiSelect-select-2 MuiSelect-selectMenu-5 MuiInputBase-input-31 MuiInput-input-16"
        aria-pressed="false"
        tabindex="0"
        role="button"
        aria-haspopup="true"
      >
        - Select a brand first -
      </div>
      <input
        type="hidden"
        value="-1"
      />
      <svg
        class="MuiSvgIcon-root-38 MuiSelect-icon-7"
        focusable="false"
        viewBox="0 0 24 24"
        aria-hidden="true"
        role="presentation"
      >
        <path
          d="M7 10l5 5 5-5z"
        />
      </svg>
    </div>
  </div>
  <div
    class="MuiLinearProgress-root-51 MuiLinearProgress-colorPrimary-52 MuiLinearProgress-indeterminate-55"
    role="progressbar"
    data-testid="loader"
  >
    <div
      class="MuiLinearProgress-bar-61 MuiLinearProgress-barColorPrimary-62 MuiLinearProgress-bar1Indeterminate-64"
    />
    <div
      class="MuiLinearProgress-bar-61 MuiLinearProgress-barColorPrimary-62 MuiLinearProgress-bar2Indeterminate-67"
    />
  </div>
</div>
`;
