// Jest Snapshot v1, https://goo.gl/fbAQLP

exports[`SearchButton should render properly 1`] = `
<div
  class="search-button"
>
  <button
    class="MuiButtonBase-root-27 MuiButtonBase-disabled-28 MuiButton-root-1 MuiButton-contained-12 MuiButton-raised-15 MuiButton-disabled-21 MuiButton-fullWidth-26"
    tabindex="-1"
    type="button"
    disabled=""
  >
    <span
      class="MuiButton-label-2"
    >
      Search
    </span>
  </button>
</div>
`;
